[2026-07-25 10:55:43,766][__main__][INFO] - Distributed latent precompute enabled: world_size=4 backend=gloo timeout_min=720
[2026-07-25 10:55:44,390][datasets][INFO] - PyTorch version 2.7.1+cu128 available.
[2026-07-25 10:55:49,160][model3.third_party.light_wam.src.lightwam.models.wan22.helpers.loader][INFO] - Applying `wan2_1_t2v` video backbone preset overrides to `video_dit_config`: ffn_dim: 14336 -> 8960, hidden_dim: 3072 -> 1536, in_dim: 48 -> 16, num_heads: 24 -> 12, out_dim: 48 -> 16
[2026-07-25 10:55:49,163][model3.third_party.light_wam.src.lightwam.models.wan22.helpers.loader][INFO] - Loading Wan2.1-T2V-1.3B components...
[2026-07-25 10:56:01,124][model3.third_party.light_wam.src.lightwam.models.wan22.helpers.loader][INFO] - Loaded WanVideoDiT from /home/lizhe/data/I-003_fast_video_dit_to_wam/Light-WAM/checkpoints/Wan-AI/Wan2.1-T2V-1.3B/diffusion_pytorch_model.safetensors using `raw` state dict variant (compatible=825, missing=0, unexpected=0).
[2026-07-25 10:56:47,013][model3.third_party.light_wam.src.lightwam.models.wan22.helpers.loader][INFO] - Loaded WanTextEncoder from /home/lizhe/data/I-003_fast_video_dit_to_wam/Light-WAM/checkpoints/Wan-AI/Wan2.1-T2V-1.3B/models_t5_umt5-xxl-enc-bf16.pth using `raw` state dict variant (compatible=242, missing=0, unexpected=0).
[2026-07-25 10:56:58,474][model3.third_party.light_wam.src.lightwam.models.wan22.helpers.loader][INFO] - Loaded WanVideoVAE from /home/lizhe/data/I-003_fast_video_dit_to_wam/Light-WAM/checkpoints/Wan-AI/Wan2.1-T2V-1.3B/Wan2.1_VAE.pth using `wan_video_vae_state_dict_converter` state dict variant (compatible=194, missing=0, unexpected=0).
[2026-07-25 10:56:58,582][model3.third_party.light_wam.src.lightwam.models.wan22.helpers.loader][INFO] - Finished loading Wan2.1-T2V-1.3B components in 69.42 seconds.
[2026-07-25 10:56:58,608][__main__][INFO] - Precompute setup: storage_format=sharded_v1 video_only=True batch_size=32 workers=8 cache_dtype=bfloat16
[2026-07-25 10:56:58,610][__main__][INFO] - Precompute index filter: rank=0 pending_samples=26070 skipped_existing=0
[2026-07-25 10:56:58,611][__main__][INFO] - Precompute timing: enabled=True sync_cuda=False log_every=10
[2026-07-25 10:57:25,308][__main__][INFO] - [precompute_timing][rank=0] step=1/815 data_wait_ms=22088.6 encode_ms=3996.4 save_ms=4.7 step_total_ms=4001.4 samples_per_sec=8.00 encoded_samples_per_sec=8.00
[2026-07-25 10:57:49,188][__main__][INFO] - [precompute_timing][rank=0] step=10/815 data_wait_ms=2209.2 encode_ms=2781.9 save_ms=5.0 step_total_ms=2787.0 samples_per_sec=11.48 encoded_samples_per_sec=11.48
[2026-07-25 10:58:15,952][__main__][INFO] - [precompute_timing][rank=0] step=20/815 data_wait_ms=13.3 encode_ms=2657.4 save_ms=4.8 step_total_ms=2662.3 samples_per_sec=12.02 encoded_samples_per_sec=12.02
[2026-07-25 10:58:43,321][__main__][INFO] - [precompute_timing][rank=0] step=30/815 data_wait_ms=58.9 encode_ms=2672.1 save_ms=4.8 step_total_ms=2677.2 samples_per_sec=11.95 encoded_samples_per_sec=11.95
[2026-07-25 10:59:10,243][__main__][INFO] - [precompute_timing][rank=0] step=40/815 data_wait_ms=0.4 encode_ms=2651.5 save_ms=39.4 step_total_ms=2691.0 samples_per_sec=11.89 encoded_samples_per_sec=11.89
[2026-07-25 10:59:38,384][__main__][INFO] - [precompute_timing][rank=0] step=50/815 data_wait_ms=155.2 encode_ms=2653.8 save_ms=4.3 step_total_ms=2658.1 samples_per_sec=12.04 encoded_samples_per_sec=12.04
[2026-07-25 11:00:14,124][__main__][INFO] - [precompute_timing][rank=0] step=60/815 data_wait_ms=884.5 encode_ms=2683.5 save_ms=5.0 step_total_ms=2688.6 samples_per_sec=11.90 encoded_samples_per_sec=11.90
[2026-07-25 11:00:45,256][__main__][INFO] - [precompute_timing][rank=0] step=70/815 data_wait_ms=397.7 encode_ms=2677.4 save_ms=37.1 step_total_ms=2714.6 samples_per_sec=11.79 encoded_samples_per_sec=11.79
[2026-07-25 11:01:16,443][__main__][INFO] - [precompute_timing][rank=0] step=80/815 data_wait_ms=438.7 encode_ms=2675.9 save_ms=3.0 step_total_ms=2679.1 samples_per_sec=11.94 encoded_samples_per_sec=11.94
[2026-07-25 11:01:44,213][__main__][INFO] - [precompute_timing][rank=0] step=90/815 data_wait_ms=102.9 encode_ms=2668.5 save_ms=4.6 step_total_ms=2673.2 samples_per_sec=11.97 encoded_samples_per_sec=11.97
[2026-07-25 11:02:15,110][__main__][INFO] - [precompute_timing][rank=0] step=100/815 data_wait_ms=399.7 encode_ms=2652.8 save_ms=36.3 step_total_ms=2689.2 samples_per_sec=11.90 encoded_samples_per_sec=11.90
[2026-07-25 11:02:44,017][__main__][INFO] - [precompute_timing][rank=0] step=110/815 data_wait_ms=252.9 encode_ms=2634.7 save_ms=2.3 step_total_ms=2637.1 samples_per_sec=12.13 encoded_samples_per_sec=12.13
[2026-07-25 11:03:11,634][__main__][INFO] - [precompute_timing][rank=0] step=120/815 data_wait_ms=140.6 encode_ms=2616.3 save_ms=3.8 step_total_ms=2620.2 samples_per_sec=12.21 encoded_samples_per_sec=12.21
[2026-07-25 11:03:39,556][__main__][INFO] - [precompute_timing][rank=0] step=130/815 data_wait_ms=137.0 encode_ms=2618.6 save_ms=35.7 step_total_ms=2654.4 samples_per_sec=12.06 encoded_samples_per_sec=12.06
[2026-07-25 11:04:13,105][__main__][INFO] - [precompute_timing][rank=0] step=140/815 data_wait_ms=716.1 encode_ms=2635.5 save_ms=2.0 step_total_ms=2637.7 samples_per_sec=12.13 encoded_samples_per_sec=12.13
[2026-07-25 11:04:43,108][__main__][INFO] - [precompute_timing][rank=0] step=150/815 data_wait_ms=380.2 encode_ms=2615.4 save_ms=3.7 step_total_ms=2619.3 samples_per_sec=12.22 encoded_samples_per_sec=12.22
[2026-07-25 11:05:14,071][__main__][INFO] - [precompute_timing][rank=0] step=160/815 data_wait_ms=423.2 encode_ms=2604.5 save_ms=67.4 step_total_ms=2672.0 samples_per_sec=11.98 encoded_samples_per_sec=11.98
[2026-07-25 11:05:44,341][__main__][INFO] - [precompute_timing][rank=0] step=170/815 data_wait_ms=402.1 encode_ms=2621.3 save_ms=2.3 step_total_ms=2623.9 samples_per_sec=12.20 encoded_samples_per_sec=12.20
[2026-07-25 11:06:19,138][__main__][INFO] - [precompute_timing][rank=0] step=180/815 data_wait_ms=874.5 encode_ms=2599.0 save_ms=5.1 step_total_ms=2604.3 samples_per_sec=12.29 encoded_samples_per_sec=12.29
[2026-07-25 11:06:47,696][__main__][INFO] - [precompute_timing][rank=0] step=190/815 data_wait_ms=249.9 encode_ms=2593.4 save_ms=11.5 step_total_ms=2605.0 samples_per_sec=12.28 encoded_samples_per_sec=12.28
[2026-07-25 11:07:17,692][__main__][INFO] - [precompute_timing][rank=0] step=200/815 data_wait_ms=362.8 encode_ms=2602.2 save_ms=33.8 step_total_ms=2636.1 samples_per_sec=12.14 encoded_samples_per_sec=12.14
[2026-07-25 11:07:46,529][__main__][INFO] - [precompute_timing][rank=0] step=210/815 data_wait_ms=281.7 encode_ms=2593.9 save_ms=7.3 step_total_ms=2601.2 samples_per_sec=12.30 encoded_samples_per_sec=12.30
[2026-07-25 11:08:22,523][__main__][INFO] - [precompute_timing][rank=0] step=220/815 data_wait_ms=1004.7 encode_ms=2583.4 save_ms=10.4 step_total_ms=2593.9 samples_per_sec=12.34 encoded_samples_per_sec=12.34
[2026-07-25 11:08:50,939][__main__][INFO] - [precompute_timing][rank=0] step=230/815 data_wait_ms=211.1 encode_ms=2593.6 save_ms=36.0 step_total_ms=2629.7 samples_per_sec=12.17 encoded_samples_per_sec=12.17
[2026-07-25 11:09:19,814][__main__][INFO] - [precompute_timing][rank=0] step=240/815 data_wait_ms=290.9 encode_ms=2589.9 save_ms=5.9 step_total_ms=2595.9 samples_per_sec=12.33 encoded_samples_per_sec=12.33
[2026-07-25 11:09:48,384][__main__][INFO] - [precompute_timing][rank=0] step=250/815 data_wait_ms=244.5 encode_ms=2600.7 save_ms=10.9 step_total_ms=2611.8 samples_per_sec=12.25 encoded_samples_per_sec=12.25
[2026-07-25 11:10:23,671][__main__][INFO] - [precompute_timing][rank=0] step=260/815 data_wait_ms=884.0 encode_ms=2606.9 save_ms=36.9 step_total_ms=2644.0 samples_per_sec=12.10 encoded_samples_per_sec=12.10
[2026-07-25 11:10:55,415][__main__][INFO] - [precompute_timing][rank=0] step=270/815 data_wait_ms=569.1 encode_ms=2601.3 save_ms=3.1 step_total_ms=2604.6 samples_per_sec=12.29 encoded_samples_per_sec=12.29
[2026-07-25 11:11:27,624][__main__][INFO] - [precompute_timing][rank=0] step=280/815 data_wait_ms=605.5 encode_ms=2604.3 save_ms=10.2 step_total_ms=2614.6 samples_per_sec=12.24 encoded_samples_per_sec=12.24
[2026-07-25 11:11:59,415][__main__][INFO] - [precompute_timing][rank=0] step=290/815 data_wait_ms=535.4 encode_ms=2601.9 save_ms=40.8 step_total_ms=2642.8 samples_per_sec=12.11 encoded_samples_per_sec=12.11
[2026-07-25 11:12:31,392][__main__][INFO] - [precompute_timing][rank=0] step=300/815 data_wait_ms=596.3 encode_ms=2598.6 save_ms=2.0 step_total_ms=2600.7 samples_per_sec=12.30 encoded_samples_per_sec=12.30
[2026-07-25 11:13:05,159][__main__][INFO] - [precompute_timing][rank=0] step=310/815 data_wait_ms=762.0 encode_ms=2601.5 save_ms=12.3 step_total_ms=2614.0 samples_per_sec=12.24 encoded_samples_per_sec=12.24
[2026-07-25 11:13:36,663][__main__][INFO] - [precompute_timing][rank=0] step=320/815 data_wait_ms=510.8 encode_ms=2596.9 save_ms=41.8 step_total_ms=2638.8 samples_per_sec=12.13 encoded_samples_per_sec=12.13
[2026-07-25 11:14:07,741][__main__][INFO] - [precompute_timing][rank=0] step=330/815 data_wait_ms=512.8 encode_ms=2592.1 save_ms=2.0 step_total_ms=2594.3 samples_per_sec=12.33 encoded_samples_per_sec=12.33
[2026-07-25 11:14:45,275][__main__][INFO] - [precompute_timing][rank=0] step=340/815 data_wait_ms=1143.6 encode_ms=2598.4 save_ms=10.5 step_total_ms=2609.0 samples_per_sec=12.27 encoded_samples_per_sec=12.27
[2026-07-25 11:15:20,036][__main__][INFO] - [precompute_timing][rank=0] step=350/815 data_wait_ms=874.4 encode_ms=2594.3 save_ms=6.6 step_total_ms=2601.0 samples_per_sec=12.30 encoded_samples_per_sec=12.30
[2026-07-25 11:15:54,427][__main__][INFO] - [precompute_timing][rank=0] step=360/815 data_wait_ms=819.9 encode_ms=2587.0 save_ms=31.3 step_total_ms=2618.4 samples_per_sec=12.22 encoded_samples_per_sec=12.22
[2026-07-25 11:16:28,399][__main__][INFO] - [precompute_timing][rank=0] step=370/815 data_wait_ms=806.8 encode_ms=2584.5 save_ms=4.9 step_total_ms=2589.6 samples_per_sec=12.36 encoded_samples_per_sec=12.36
[2026-07-25 11:17:11,189][__main__][INFO] - [precompute_timing][rank=0] step=380/815 data_wait_ms=1676.5 encode_ms=2595.0 save_ms=6.6 step_total_ms=2601.8 samples_per_sec=12.30 encoded_samples_per_sec=12.30
[2026-07-25 11:17:45,666][__main__][INFO] - [precompute_timing][rank=0] step=390/815 data_wait_ms=828.3 encode_ms=2585.5 save_ms=33.1 step_total_ms=2618.7 samples_per_sec=12.22 encoded_samples_per_sec=12.22
[2026-07-25 11:18:19,866][__main__][INFO] - [precompute_timing][rank=0] step=400/815 data_wait_ms=818.7 encode_ms=2596.1 save_ms=4.4 step_total_ms=2600.6 samples_per_sec=12.30 encoded_samples_per_sec=12.30
[2026-07-25 11:18:54,219][__main__][INFO] - [precompute_timing][rank=0] step=410/815 data_wait_ms=830.5 encode_ms=2597.1 save_ms=6.7 step_total_ms=2604.0 samples_per_sec=12.29 encoded_samples_per_sec=12.29
[2026-07-25 11:19:36,668][__main__][INFO] - [precompute_timing][rank=0] step=420/815 data_wait_ms=1613.2 encode_ms=2597.3 save_ms=33.7 step_total_ms=2631.1 samples_per_sec=12.16 encoded_samples_per_sec=12.16
[2026-07-25 11:20:11,028][__main__][INFO] - [precompute_timing][rank=0] step=430/815 data_wait_ms=835.9 encode_ms=2596.7 save_ms=2.5 step_total_ms=2599.3 samples_per_sec=12.31 encoded_samples_per_sec=12.31
[2026-07-25 11:20:50,420][__main__][INFO] - [precompute_timing][rank=0] step=440/815 data_wait_ms=1252.6 encode_ms=2677.6 save_ms=7.7 step_total_ms=2685.4 samples_per_sec=11.92 encoded_samples_per_sec=11.92
[2026-07-25 11:21:32,592][__main__][INFO] - [precompute_timing][rank=0] step=450/815 data_wait_ms=1483.5 encode_ms=2685.2 save_ms=47.3 step_total_ms=2732.6 samples_per_sec=11.71 encoded_samples_per_sec=11.71
[2026-07-25 11:22:32,693][__main__][INFO] - [precompute_timing][rank=0] step=460/815 data_wait_ms=3298.9 encode_ms=2707.5 save_ms=2.5 step_total_ms=2710.1 samples_per_sec=11.81 encoded_samples_per_sec=11.81
[2026-07-25 11:23:15,872][__main__][INFO] - [precompute_timing][rank=0] step=470/815 data_wait_ms=1564.3 encode_ms=2747.5 save_ms=4.9 step_total_ms=2752.5 samples_per_sec=11.63 encoded_samples_per_sec=11.63
[2026-07-25 11:23:59,491][__main__][INFO] - [precompute_timing][rank=0] step=480/815 data_wait_ms=1634.0 encode_ms=2689.8 save_ms=37.0 step_total_ms=2726.9 samples_per_sec=11.74 encoded_samples_per_sec=11.74
[2026-07-25 11:24:40,696][__main__][INFO] - [precompute_timing][rank=0] step=490/815 data_wait_ms=1409.1 encode_ms=2707.5 save_ms=2.7 step_total_ms=2710.3 samples_per_sec=11.81 encoded_samples_per_sec=11.81
[2026-07-25 11:25:38,189][__main__][INFO] - [precompute_timing][rank=0] step=500/815 data_wait_ms=3020.2 encode_ms=2725.3 save_ms=2.5 step_total_ms=2728.0 samples_per_sec=11.73 encoded_samples_per_sec=11.73
[2026-07-25 11:26:19,553][__main__][INFO] - [precompute_timing][rank=0] step=510/815 data_wait_ms=1402.7 encode_ms=2729.8 save_ms=2.6 step_total_ms=2732.5 samples_per_sec=11.71 encoded_samples_per_sec=11.71
[2026-07-25 11:27:04,031][__main__][INFO] - [precompute_timing][rank=0] step=520/815 data_wait_ms=1684.7 encode_ms=2722.0 save_ms=40.0 step_total_ms=2762.1 samples_per_sec=11.59 encoded_samples_per_sec=11.59
[2026-07-25 11:27:32,184][__main__][INFO] - [precompute_timing][rank=0] step=530/815 data_wait_ms=0.6 encode_ms=2810.3 save_ms=3.1 step_total_ms=2813.5 samples_per_sec=11.37 encoded_samples_per_sec=11.37
[2026-07-25 11:28:00,064][__main__][INFO] - [precompute_timing][rank=0] step=540/815 data_wait_ms=1.1 encode_ms=2782.6 save_ms=3.0 step_total_ms=2785.8 samples_per_sec=11.49 encoded_samples_per_sec=11.49
[2026-07-25 11:28:28,253][__main__][INFO] - [precompute_timing][rank=0] step=550/815 data_wait_ms=0.8 encode_ms=2759.1 save_ms=57.0 step_total_ms=2816.2 samples_per_sec=11.36 encoded_samples_per_sec=11.36
[2026-07-25 11:28:55,402][__main__][INFO] - [precompute_timing][rank=0] step=560/815 data_wait_ms=0.5 encode_ms=2710.3 save_ms=2.7 step_total_ms=2713.1 samples_per_sec=11.79 encoded_samples_per_sec=11.79
[2026-07-25 11:29:23,199][__main__][INFO] - [precompute_timing][rank=0] step=570/815 data_wait_ms=0.7 encode_ms=2774.6 save_ms=2.9 step_total_ms=2777.6 samples_per_sec=11.52 encoded_samples_per_sec=11.52
[2026-07-25 11:29:51,434][__main__][INFO] - [precompute_timing][rank=0] step=580/815 data_wait_ms=0.6 encode_ms=2776.2 save_ms=45.3 step_total_ms=2821.7 samples_per_sec=11.34 encoded_samples_per_sec=11.34
[2026-07-25 11:30:19,251][__main__][INFO] - [precompute_timing][rank=0] step=590/815 data_wait_ms=0.8 encode_ms=2776.4 save_ms=2.9 step_total_ms=2779.5 samples_per_sec=11.51 encoded_samples_per_sec=11.51
[2026-07-25 11:30:46,870][__main__][INFO] - [precompute_timing][rank=0] step=600/815 data_wait_ms=0.5 encode_ms=2757.5 save_ms=2.6 step_total_ms=2760.2 samples_per_sec=11.59 encoded_samples_per_sec=11.59
[2026-07-25 11:31:14,268][__main__][INFO] - [precompute_timing][rank=0] step=610/815 data_wait_ms=0.6 encode_ms=2702.1 save_ms=35.9 step_total_ms=2738.2 samples_per_sec=11.69 encoded_samples_per_sec=11.69
[2026-07-25 11:31:42,796][__main__][INFO] - [precompute_timing][rank=0] step=620/815 data_wait_ms=0.9 encode_ms=2846.2 save_ms=4.0 step_total_ms=2850.4 samples_per_sec=11.23 encoded_samples_per_sec=11.23
[2026-07-25 11:32:12,106][__main__][INFO] - [precompute_timing][rank=0] step=630/815 data_wait_ms=1.2 encode_ms=2924.3 save_ms=3.8 step_total_ms=2928.2 samples_per_sec=10.93 encoded_samples_per_sec=10.93
[2026-07-25 11:32:41,608][__main__][INFO] - [precompute_timing][rank=0] step=640/815 data_wait_ms=0.8 encode_ms=2904.8 save_ms=42.3 step_total_ms=2947.3 samples_per_sec=10.86 encoded_samples_per_sec=10.86
[2026-07-25 11:33:10,583][__main__][INFO] - [precompute_timing][rank=0] step=650/815 data_wait_ms=7.7 encode_ms=2884.8 save_ms=3.6 step_total_ms=2888.7 samples_per_sec=11.08 encoded_samples_per_sec=11.08
[2026-07-25 11:33:42,627][__main__][INFO] - [precompute_timing][rank=0] step=660/815 data_wait_ms=438.7 encode_ms=2761.8 save_ms=2.6 step_total_ms=2764.5 samples_per_sec=11.58 encoded_samples_per_sec=11.58
[2026-07-25 11:34:12,708][__main__][INFO] - [precompute_timing][rank=0] step=670/815 data_wait_ms=235.4 encode_ms=2768.6 save_ms=2.9 step_total_ms=2771.6 samples_per_sec=11.55 encoded_samples_per_sec=11.55
[2026-07-25 11:34:43,149][__main__][INFO] - [precompute_timing][rank=0] step=680/815 data_wait_ms=183.3 encode_ms=2810.3 save_ms=48.9 step_total_ms=2859.4 samples_per_sec=11.19 encoded_samples_per_sec=11.19
[2026-07-25 11:35:14,506][__main__][INFO] - [precompute_timing][rank=0] step=690/815 data_wait_ms=318.1 encode_ms=2812.8 save_ms=3.2 step_total_ms=2816.2 samples_per_sec=11.36 encoded_samples_per_sec=11.36
[2026-07-25 11:35:42,106][__main__][INFO] - [precompute_timing][rank=0] step=700/815 data_wait_ms=14.5 encode_ms=2740.1 save_ms=3.6 step_total_ms=2743.8 samples_per_sec=11.66 encoded_samples_per_sec=11.66
[2026-07-25 11:36:09,984][__main__][INFO] - [precompute_timing][rank=0] step=710/815 data_wait_ms=1.2 encode_ms=2750.0 save_ms=34.8 step_total_ms=2784.9 samples_per_sec=11.49 encoded_samples_per_sec=11.49
[2026-07-25 11:36:41,683][__main__][INFO] - [precompute_timing][rank=0] step=720/815 data_wait_ms=430.7 encode_ms=2735.2 save_ms=2.7 step_total_ms=2738.0 samples_per_sec=11.69 encoded_samples_per_sec=11.69
[2026-07-25 11:37:09,005][__main__][INFO] - [precompute_timing][rank=0] step=730/815 data_wait_ms=0.5 encode_ms=2728.1 save_ms=2.5 step_total_ms=2730.8 samples_per_sec=11.72 encoded_samples_per_sec=11.72
[2026-07-25 11:37:38,769][__main__][INFO] - [precompute_timing][rank=0] step=740/815 data_wait_ms=190.9 encode_ms=2737.7 save_ms=46.4 step_total_ms=2784.3 samples_per_sec=11.49 encoded_samples_per_sec=11.49
[2026-07-25 11:38:07,976][__main__][INFO] - [precompute_timing][rank=0] step=750/815 data_wait_ms=146.3 encode_ms=2770.3 save_ms=2.9 step_total_ms=2773.4 samples_per_sec=11.54 encoded_samples_per_sec=11.54
[2026-07-25 11:38:42,613][__main__][INFO] - [precompute_timing][rank=0] step=760/815 data_wait_ms=661.7 encode_ms=2796.8 save_ms=3.0 step_total_ms=2800.0 samples_per_sec=11.43 encoded_samples_per_sec=11.43
[2026-07-25 11:39:18,432][__main__][INFO] - [precompute_timing][rank=0] step=770/815 data_wait_ms=729.3 encode_ms=2814.1 save_ms=37.0 step_total_ms=2851.4 samples_per_sec=11.22 encoded_samples_per_sec=11.22
[2026-07-25 11:39:54,852][__main__][INFO] - [precompute_timing][rank=0] step=780/815 data_wait_ms=860.2 encode_ms=2777.4 save_ms=3.2 step_total_ms=2780.7 samples_per_sec=11.51 encoded_samples_per_sec=11.51
[2026-07-25 11:40:38,453][__main__][INFO] - [precompute_timing][rank=0] step=790/815 data_wait_ms=1678.2 encode_ms=2678.3 save_ms=2.4 step_total_ms=2680.8 samples_per_sec=11.94 encoded_samples_per_sec=11.94
[2026-07-25 11:41:13,543][__main__][INFO] - [precompute_timing][rank=0] step=800/815 data_wait_ms=784.8 encode_ms=2691.4 save_ms=31.8 step_total_ms=2723.4 samples_per_sec=11.75 encoded_samples_per_sec=11.75
[2026-07-25 11:41:46,056][__main__][INFO] - [precompute_timing][rank=0] step=810/815 data_wait_ms=567.4 encode_ms=2681.0 save_ms=1.9 step_total_ms=2683.0 samples_per_sec=11.93 encoded_samples_per_sec=11.93
[2026-07-25 11:50:44,705][__main__][INFO] - Rebuilt latent cache index from 104 sharded_v1 file(s): recovered_samples=104280 total_samples=104280 index=/data/users/lizhe/I-003_fast_video_dit_to_wam/runs/I-003/model3/cache/latent/Wan2.1-T2V-1.3B/libero_10_2cam224/index.pt
[2026-07-25 11:50:44,708][__main__][INFO] - Finished precomputing video latents into /data/users/lizhe/I-003_fast_video_dit_to_wam/runs/I-003/model3/cache/latent/Wan2.1-T2V-1.3B/libero_10_2cam224. saved=104280 skipped=0 storage_format=sharded_v1
